<MapUnit xmlns="clr-namespace:Mobilize.Mappers.Extensibility.Core;assembly=ExtensibleMappers"
         xmlns:map="clr-namespace:Mobilize.Mappers.Extensibility.Code;assembly=ExtensibleMappers">
  <MapUnit.Elements>
    <map:CodeMapPackage Type="Windows.Phone.Controls.TransitionFrame">

      <map:CodeMapPackage.Maps>

        <map:CodeMap Kind="MemberAccess" MemberName="OrientationChanged">
          <map:CodeMap.Action>
            <map:ReplaceWithTemplate>
                  <![CDATA[ Windows.Graphics.Display.DisplayInformation.OrientationChanged]]>
            </map:ReplaceWithTemplate>
          </map:CodeMap.Action>
        </map:CodeMap>


        <!--<map:CodeMap Kind="EventDecl" MemberName="Completed">
          <map:CodeMap.Action>
            <map:ActionSequence>
              <map:ReplaceParameterDeclarationType Position="0">
                <![CDATA[System.Threading.Tasks.Task<Windows.Storage.StorageFile>]]>
              </map:ReplaceParameterDeclarationType>
              <map:ReplaceParameterValue Position="1">
                $parameter0Name.Result;
              </map:ReplaceParameterValue>
              <map:RemoveParameter Position="1"/>
            </map:ActionSequence>
          </map:CodeMap.Action>
        </map:CodeMap>-->
        
      </map:CodeMapPackage.Maps>


      <!--<map:CodeMapPackage.Metadata>
        <map:PackageMetadata Key="COMPLETED_PATTERN_EVENTS" Value="Completed"/>
        <map:PackageMetadata Key="COMPLETED_PATTERN_METHODS" Value="Show"/>
      </map:CodeMapPackage.Metadata>-->
    </map:CodeMapPackage>
  </MapUnit.Elements>
</MapUnit>