<MapUnit xmlns="clr-namespace:Mobilize.Mappers.Extensibility.Core;assembly=Mobilize.ExtensibleMappers"
         xmlns:map="clr-namespace:Mobilize.Mappers.Extensibility.Code;assembly=Mobilize.ExtensibleMappers">
  <MapUnit.Elements>
    <map:CodeMapPackage Type="System.Windows.Markup.XmlLanguage">
      <map:CodeMapPackage.Maps>

        <map:CodeMap Kind="Type">
          <map:CodeMap.Action>
            <map:ReplaceClassUsage NewNamespace="System" NewClassName="String" />
          </map:CodeMap.Action>
        </map:CodeMap>

      <map:CodeMap Kind="Call" MemberName="GetLanguage">
        <map:Conditional>
          <map:Case>
            <map:Case.Condition>
              <map:WithMethodCall>
                <map:WithArgument Position="0">
                  <map:AssignName>$arg0</map:AssignName>
                </map:WithArgument>
              </map:WithMethodCall>
            </map:Case.Condition>
            <map:Case.Action>
              <map:ReplaceWithTemplate>
                $arg0
              </map:ReplaceWithTemplate>
            </map:Case.Action>
          </map:Case>
          <map:Default>
            <map:Keep/>
          </map:Default>
        </map:Conditional>
      </map:CodeMap>

      </map:CodeMapPackage.Maps>
    </map:CodeMapPackage>
  </MapUnit.Elements>
</MapUnit>
