<?xml version="1.0" encoding="utf-8" ?>
<MapUnit xmlns="clr-namespace:Mobilize.Mappers.Extensibility.Core;assembly=Mobilize.ExtensibleMappers" xmlns:map="clr-namespace:Mobilize.Mappers.Extensibility.Code;assembly=Mobilize.ExtensibleMappers">
  <MapUnit.Elements>
    <map:CodeMapPackage Type="Windows.Phone.Speech.VoiceCommands.VoiceCommandService">
      <map:CodeMapPackage.Maps>
        
        <map:CodeMap Kind="Type">
          <map:ReplaceClassUsage
            NewClassName="VoiceCommandDefinitionManager"
            NewNamespace="Windows.ApplicationModel.VoiceCommands" />
        </map:CodeMap>



        <map:CodeMap Kind="MemberAccess" MemberName="InstalledCommandSets">
          <map:RedirectProperty NewProperty="InstalledCommandDefinitions"/>
        </map:CodeMap>

        <map:CodeMap Kind="Call" MemberName="InstallCommandSetsFromFileAsync">
          <map:Conditional>
            <map:Case>
              <map:Case.Condition>
                <map:WithMethodCall>
                  <map:ArgumentCount>1</map:ArgumentCount>
                  <map:WithArgument Position="0">
                    <map:AssignName>$parameter0Name</map:AssignName>
                  </map:WithArgument>
                </map:WithMethodCall>
              </map:Case.Condition>
              <map:Case.Action>
                <map:ReplaceWithTemplate>
                  <![CDATA[ Windows.ApplicationModel.VoiceCommands.VoiceCommandDefinitionManager.InstallCommandDefinitionsFromStorageFileAsync(await Windows.Storage.StorageFile.GetFileFromApplicationUriAsync($parameter0Name))]]>
                </map:ReplaceWithTemplate>
              </map:Case.Action>
            </map:Case>
            <map:Default>
              <map:Default.Action />
            </map:Default>
          </map:Conditional>
        </map:CodeMap>
        
      </map:CodeMapPackage.Maps>
    </map:CodeMapPackage>
  </MapUnit.Elements>
</MapUnit>
