<MapUnit xmlns="clr-namespace:Mobilize.Mappers.Extensibility.Core;assembly=Mobilize.ExtensibleMappers"
         xmlns:map="clr-namespace:Mobilize.Mappers.Extensibility.Code;assembly=Mobilize.ExtensibleMappers">
  <MapUnit.Elements>

    <map:CodeMapPackage Type="System.Windows.Ink.StrokeCollection">
      <map:CodeMapPackage.Maps>

        <map:CodeMap Kind="Type">
          <map:CodeMap.Action>
            <map:ReplaceClassUsage NewNamespace="Windows.UI.Input.Inking"
                                   NewClassName="InkStrokeContainer" />
          </map:CodeMap.Action>
        </map:CodeMap>
        <map:CodeMap Kind="Call" MemberName="Add">
          <map:RedirectCall NewMethod="AddStroke"/>
        </map:CodeMap>
      </map:CodeMapPackage.Maps>
    </map:CodeMapPackage>

    <map:CodeMapPackage Type="System.Windows.PresentationFrameworkCollection">
      <map:CodeMapPackage.TypeArguments>
        <map:TypeArgument>System.Windows.Ink.Stroke</map:TypeArgument>
      </map:CodeMapPackage.TypeArguments>
      <map:CodeMapPackage.Maps>

        <map:CodeMap Kind="Type">
          <map:CodeMap.Action>
            <map:ReplaceClassUsage NewNamespace="Windows.UI.Input.Inking"
                                   NewClassName="InkStrokeContainer" />
          </map:CodeMap.Action>
        </map:CodeMap>
        <map:CodeMap Kind="Call" MemberName="Add">
          <map:RedirectCall NewMethod="AddStroke"/>
        </map:CodeMap>
      </map:CodeMapPackage.Maps>
    </map:CodeMapPackage>
  </MapUnit.Elements>
</MapUnit>
