<MapUnit xmlns="clr-namespace:Mobilize.Mappers.Extensibility.Core;assembly=Mobilize.ExtensibleMappers"
         xmlns:map="clr-namespace:Mobilize.Mappers.Extensibility.Code;assembly=Mobilize.ExtensibleMappers">
  <MapUnit.Elements>
    <map:CodeMapPackage Type="System.Windows.Documents.InlineCollection">
      <map:CodeMapPackage.Maps>

        <map:CodeMap Kind="Type">
          <map:CodeMap.Action>
            <map:ReplaceClassUsage NewNamespace="Windows.UI.Xaml.Documents"
                                   NewClassName="InlineCollection" />
          </map:CodeMap.Action>
        </map:CodeMap>

        <map:CodeMap Kind="Call" MemberName="Add">
          <map:Conditional>
            <!-- Case for one argument -->
            <map:Case>
              <map:Case.Condition>
                <map:WithMethodCall>
                  <map:WithCalledMemberOwner>
                    <map:AssignName>$owner</map:AssignName>
                  </map:WithCalledMemberOwner>
                  <map:ArgumentCount>1</map:ArgumentCount>
                  <map:WithArgument Position="0">
                    <map:IsExpressionOfType>System.String</map:IsExpressionOfType>
                    <map:AssignName>$param</map:AssignName>
                  </map:WithArgument>
                </map:WithMethodCall>
              </map:Case.Condition>
              <map:Case.Action>
                <map:ReplaceWithTemplate>
                  $owner.Add(new Windows.UI.Xaml.Documents.Run() { Text = $param })
                </map:ReplaceWithTemplate>
              </map:Case.Action>
            </map:Case>
            <map:Default>
              <map:Keep/>
            </map:Default>
          </map:Conditional>
        </map:CodeMap>

      </map:CodeMapPackage.Maps>
    </map:CodeMapPackage>
  </MapUnit.Elements>
</MapUnit>