<MapUnit xmlns="clr-namespace:Mobilize.Mappers.Extensibility.Core;assembly=ExtensibleMappers"
         xmlns:map="clr-namespace:Mobilize.Mappers.Extensibility.Code;assembly=ExtensibleMappers">
  <MapUnit.Elements>
    <map:CodeMapPackage Type="System.EventHandler">
      <map:CodeMapPackage.TypeArguments>
        <map:TypeArgument>System.Device.Location.GeoPositionStatusChangedEventArgs</map:TypeArgument>
      </map:CodeMapPackage.TypeArguments>
        
      <map:CodeMapPackage.Maps>
        <map:CodeMap Kind="Type">
          <map:CodeMap.Action>
            <map:ReplaceClassUsage NewNamespace="Windows.Foundation"
                                   NewClassName="TypedEventHandler" >
              <map:ReplaceClassUsage.NewTypeArguments>
                <map:TypeArgument>Windows.Devices.Geolocation.Geolocator</map:TypeArgument>
                <map:TypeArgument>Windows.Devices.Geolocation.StatusChangedEventArgs</map:TypeArgument>
              </map:ReplaceClassUsage.NewTypeArguments>
            </map:ReplaceClassUsage>
          </map:CodeMap.Action>
        </map:CodeMap>

        
      </map:CodeMapPackage.Maps>
    </map:CodeMapPackage>
  </MapUnit.Elements>
</MapUnit>