<MapUnit xmlns="clr-namespace:Mobilize.Mappers.Extensibility.Core;assembly=Mobilize.ExtensibleMappers"
         xmlns:map="clr-namespace:Mobilize.Mappers.Extensibility.Code;assembly=Mobilize.ExtensibleMappers">
  <MapUnit.Elements>
    <map:CodeMapPackage Type="System.StringComparison">
      <map:CodeMapPackage.Maps>
        <map:CodeMap Kind="Type">
          <map:CodeMap.Action>
            <map:Keep />
          </map:CodeMap.Action>
        </map:CodeMap>

        <map:CodeMap Kind="MemberAccess" MemberName="InvariantCulture">
          <map:CodeMap.Action>
            <map:ReplaceWithProperty NewProperty="Ordinal" />
          </map:CodeMap.Action>
        </map:CodeMap>
		
		<map:CodeMap Kind="MemberAccess" MemberName="InvariantCultureIgnoreCase">
          <map:CodeMap.Action>
            <map:ReplaceWithProperty NewProperty="OrdinalIgnoreCase" />
          </map:CodeMap.Action>
        </map:CodeMap>
		
      </map:CodeMapPackage.Maps>
    </map:CodeMapPackage>
  </MapUnit.Elements>
</MapUnit>