<MapUnit xmlns="clr-namespace:Mobilize.Mappers.Extensibility.Core;assembly=Mobilize.ExtensibleMappers"
         xmlns:map="clr-namespace:Mobilize.Mappers.Extensibility.Code;assembly=Mobilize.ExtensibleMappers">
  <MapUnit.Elements>
    <map:CodeMapPackage Type="System.Windows.Media.Animation.Timeline">
      <map:CodeMapPackage.Maps>

        <map:CodeMap Kind="Type">
          <map:CodeMap.Action>
            <map:ReplaceClassUsage NewNamespace="Windows.UI.Xaml.Media.Animation"
                                   NewClassName="Timeline" />
          </map:CodeMap.Action>
        </map:CodeMap>



     <map:CodeMap Kind="EventDecl" MemberName="Completed">
          <map:CodeMap.Action>
              <map:ReplaceParameterDeclarationType Position="1">
                object
              </map:ReplaceParameterDeclarationType>
          </map:CodeMap.Action>
        </map:CodeMap>


        <map:CodeMap Kind="MemberAccess" MemberName="Duration">
          <map:Keep/>
        </map:CodeMap>

        <map:CodeMap Kind="MemberAccess" MemberName="AutoReverse">
          <map:Keep/>
        </map:CodeMap>

        <map:CodeMap Kind="MemberAccess" MemberName="BeginTime">
          <map:Keep/>
        </map:CodeMap>

        <map:CodeMap Kind="MemberAccess" MemberName="RepeatBehavior">
          <map:Keep/>
        </map:CodeMap>

      </map:CodeMapPackage.Maps>
    </map:CodeMapPackage>
  </MapUnit.Elements>
</MapUnit>