<MapUnit xmlns="clr-namespace:Mobilize.Mappers.Extensibility.Core;assembly=ExtensibleMappers"
         xmlns:map="clr-namespace:Mobilize.Mappers.Extensibility.Code;assembly=ExtensibleMappers">
  <MapUnit.Elements>
    <map:CodeMapPackage Type="System.Net.WebRequest" Name="System.Net.WebRequest">
      <map:CodeMapPackage.Maps>
        <map:CodeMap Kind="Type">
          <map:CodeMap.Action>
            <map:Keep />
          </map:CodeMap.Action>
        </map:CodeMap>

        <map:CodeMap Kind="Assign" MemberName="ContentLength">
          <map:Conditional>
            <map:Case>
              <map:Case.Condition>
                <map:WithAssignment>
                  <map:WithAssignmentLeftSide>
                    <map:WithLeftSideOfDottedAccess>
                      <map:AssignName>$requestObj</map:AssignName>
                    </map:WithLeftSideOfDottedAccess>
                  </map:WithAssignmentLeftSide>
                  <map:WithAssignmentRightSide>
                    <map:AssignName>$right</map:AssignName>
                  </map:WithAssignmentRightSide>
                </map:WithAssignment>
              </map:Case.Condition>
              <map:Case.Action>
                <map:ReplaceWithTemplate>$requestObj.Headers["Content-Length"] = Convert.ToString($right)</map:ReplaceWithTemplate>
              </map:Case.Action>
            </map:Case>
            <map:Default>
              <map:Keep></map:Keep>
            </map:Default>
          </map:Conditional>
        </map:CodeMap>

      </map:CodeMapPackage.Maps>
    </map:CodeMapPackage>
  </MapUnit.Elements>
</MapUnit>