<MapUnit xmlns="clr-namespace:Mobilize.Mappers.Extensibility.Core;assembly=Mobilize.ExtensibleMappers"
         xmlns:map="clr-namespace:Mobilize.Mappers.Extensibility.Code;assembly=Mobilize.ExtensibleMappers">
  <MapUnit.Elements>
    <map:CodeMapPackage Type="Windows.Phone.Speech.Recognition.SpeechRecognitionUIResult">
      <map:CodeMapPackage.Maps>
        <map:CodeMap Kind="Type">
          <map:CodeMap.Action>
            <map:ReplaceClassUsage NewNamespace="Windows.Media.SpeechRecognition" 
                                   NewClassName="SpeechRecognitionResult" />
          </map:CodeMap.Action>          
        </map:CodeMap>
        <map:CodeMap Kind="MemberAccess" MemberName="ResultStatus">
          <map:ReplaceWithProperty NewProperty="Status"/>
        </map:CodeMap>
        <map:CodeMap Kind="MemberAccess" MemberName="RecognitionResult">
          <map:Conditional>
            <map:Case>
              <map:Case.Condition>
                <map:WithCalledMemberOwner>
                  <map:AssignName>$expr</map:AssignName>
                </map:WithCalledMemberOwner>
              </map:Case.Condition>
              <map:Case.Action>
                <map:ReplaceWithTemplate>$expr</map:ReplaceWithTemplate>
              </map:Case.Action>
            </map:Case>
            <map:Default>
              <map:Keep/>
            </map:Default>
          </map:Conditional>
        </map:CodeMap>
      </map:CodeMapPackage.Maps>
    </map:CodeMapPackage>
  </MapUnit.Elements>
</MapUnit>