<MapUnit xmlns="clr-namespace:Mobilize.Mappers.Extensibility.Core;assembly=Mobilize.ExtensibleMappers"
         xmlns:map="clr-namespace:Mobilize.Mappers.Extensibility.Code;assembly=Mobilize.ExtensibleMappers">
  <MapUnit.Elements>
    <map:CodeMapPackage Type=" Microsoft.Phone.Scheduler.ScheduledActionService">
      <map:CodeMapPackage.Maps>

        <map:CodeMap Kind="Type">
          <map:CodeMap.Action>                          
              <map:ReplaceClassUsage NewNamespace="Windows.UI.Notifications" NewClassName="ToastNotificationManager" />            
          </map:CodeMap.Action>
        </map:CodeMap>

        <!--Properties-->
        
        <map:CodeMap Kind="Call" MemberName="Add">
          <map:Conditional>
            <map:Case>
              <map:Case.Condition>
                <map:WithMethodCall>
                  <map:ArgumentCount>1</map:ArgumentCount>
                  <map:WithArgument Position="0">
                    <map:AssignName>$arg0</map:AssignName>
                  </map:WithArgument>                  
                </map:WithMethodCall>                
              </map:Case.Condition>
              <map:Case.Action>
                <map:ReplaceWithTemplate>
                  <![CDATA[ Windows.UI.Notifications.ToastNotificationManager.CreateToastNotifier().AddToSchedule($arg0));]]>
                </map:ReplaceWithTemplate>
              </map:Case.Action>
            </map:Case>
            <map:Default>
              <map:MarkAsNotMapped />
            </map:Default>
          </map:Conditional>
        </map:CodeMap>

        <map:CodeMap Kind="Call" MemberName="Remove">
          <map:Conditional>
            <map:Case>
              <map:Case.Condition>
                <map:WithMethodCall>
                  <map:ArgumentCount>1</map:ArgumentCount>
                  <map:WithArgument Position="0">
                    <map:AssignName>$arg0</map:AssignName>
                  </map:WithArgument>
                </map:WithMethodCall>
              </map:Case.Condition>
              <map:Case.Action>
                <map:ReplaceWithTemplate>
                  <![CDATA[ Windows.UI.Notifications.ToastNotificationManager.CreateToastNotifier().RemoveFromSchedule(Windows.UI.Notifications.ToastNotificationManager.CreateToastNotifier().GetScheduledToastNotifications().Where(item => item.Tag == $arg0).FirstOrDefault()));]]>
                </map:ReplaceWithTemplate>
              </map:Case.Action>
            </map:Case>
            <map:Default>
              <map:MarkAsNotMapped />
            </map:Default>
          </map:Conditional>
        </map:CodeMap>


      </map:CodeMapPackage.Maps>
    </map:CodeMapPackage>
  </MapUnit.Elements>
</MapUnit>