<MapUnit xmlns="clr-namespace:Mobilize.Mappers.Extensibility.Core;assembly=Mobilize.ExtensibleMappers"
         xmlns:map="clr-namespace:Mobilize.Mappers.Extensibility.Code;assembly=Mobilize.ExtensibleMappers">
	<MapUnit.Elements>
		<map:CodeMapPackage Type="System.Collections.Generic.List">
			<map:CodeMapPackage.Maps>
				<map:CodeMap Kind="Call" MemberName="ForEach">
					<map:Conditional>
						<map:Case>
							<map:Case.Condition>
								<map:WithMethodCall>
									<map:ArgumentCount>1</map:ArgumentCount>
									<map:WithCalledMemberOwner>
										<map:AssignName>$obj</map:AssignName>
									</map:WithCalledMemberOwner>
									<map:WithArgument Position="0">
										<map:WithLambdaExpressionParameter Index="0">
											<map:AssignName>$x</map:AssignName>
										</map:WithLambdaExpressionParameter>
										<map:WithLambdaExpressionBody>
											<map:AssignName>$body</map:AssignName>
										</map:WithLambdaExpressionBody>
									</map:WithArgument>
								</map:WithMethodCall>
							</map:Case.Condition>
							<map:Case.Action>
								<map:ActionSequence>
									<map:AddPreStatementFromTemplate>
										foreach(var $x in $obj) {
										$body;
										}
									</map:AddPreStatementFromTemplate>
									<map:RemoveCurrentStatement />
								</map:ActionSequence>
							</map:Case.Action>
						</map:Case>
						<map:Default>
							<map:Keep />
						</map:Default>
					</map:Conditional>
				</map:CodeMap>
			</map:CodeMapPackage.Maps>
			<map:CodeMapPackage.Metadata>
				<map:PackageMetadata Key="ASYNC_MEMBERS" Value="Stream" />
			</map:CodeMapPackage.Metadata>
		</map:CodeMapPackage>
	</MapUnit.Elements>
</MapUnit>
