<MapUnit xmlns="clr-namespace:Mobilize.Mappers.Extensibility.Core;assembly=Mobilize.ExtensibleMappers"
         xmlns:map="clr-namespace:Mobilize.Mappers.Extensibility.Code;assembly=Mobilize.ExtensibleMappers">
  <MapUnit.Elements>
    <map:CodeMapPackage Type="Coding4Fun.Toolkit.Controls.ProgressOverlay">
      <map:CodeMapPackage.Maps>

        <map:CodeMap Kind="Type">
          <map:CodeMap.Action>
            <map:ReplaceClassUsage NewNamespace="Windows.UI.Xaml.Controls" NewClassName="ProgressBar" />
          </map:CodeMap.Action>
        </map:CodeMap>

        <map:CodeMap Kind="MemberAccess" MemberName="Focus">
          <map:ActionSequence>
            <map:Keep />
          </map:ActionSequence>
        </map:CodeMap>

        <map:CodeMap Kind="MemberAccess" MemberName="Visibility">
          <map:ActionSequence>
            <map:Keep />
          </map:ActionSequence>
        </map:CodeMap>

        <map:CodeMap Kind="MemberAccess" MemberName="IsEnabled">
          <map:ActionSequence>
            <map:Keep />
          </map:ActionSequence>
        </map:CodeMap>
        
        <map:CodeMap Kind="MemberAccess" MemberName="Content">
          <map:MarkAsNotMapped />
        </map:CodeMap>

        <map:CodeMap Kind="MemberAccess" MemberName="ContentTemplate">
          <map:MarkAsNotMapped />
        </map:CodeMap>
        
        <map:CodeMap Kind="MemberAccess" MemberName="ProgressControl">
          <map:MarkAsNotMapped />
        </map:CodeMap>

        <map:CodeMap Kind="MemberAccess" MemberName="Cursor">
          <map:MarkAsNotMapped />
        </map:CodeMap>

        <map:CodeMap Kind="Call" MemberName="OnApplyTemplate">
          <map:MarkAsNotMapped />
        </map:CodeMap>

        <map:CodeMap Kind="Call" MemberName="ProgressOverlay">
          <map:MarkAsNotMapped />
        </map:CodeMap>
        
        <map:CodeMap Kind="Call" MemberName="Show">
          <map:Conditional>
            <map:Case>
              <map:Case.Condition>
                <map:WithMethodCall>
                  <map:WithCalledMemberOwner>
                    <map:AssignName>$owner</map:AssignName>
                  </map:WithCalledMemberOwner>
                </map:WithMethodCall>
              </map:Case.Condition>
              <map:Case.Action>
                <map:ReplaceWithTemplate>
                  <![CDATA[$owner.Visibility = Visibility.Visible]]>
                </map:ReplaceWithTemplate>
              </map:Case.Action>
            </map:Case>
            <map:Default>
              <map:Keep />
            </map:Default>
          </map:Conditional>
        </map:CodeMap>

        <map:CodeMap Kind="Call" MemberName="Hide">
          <map:Conditional>
            <map:Case>
              <map:Case.Condition>
                <map:WithMethodCall>
                  <map:WithCalledMemberOwner>
                    <map:AssignName>$owner</map:AssignName>
                  </map:WithCalledMemberOwner>
                </map:WithMethodCall>
              </map:Case.Condition>
              <map:Case.Action>
                <map:ReplaceWithTemplate>
                  <![CDATA[$owner.Visibility = Visibility.Collapsed]]>
                </map:ReplaceWithTemplate>
              </map:Case.Action>
            </map:Case>
            <map:Default>
              <map:Keep />
            </map:Default>
          </map:Conditional>
        </map:CodeMap>
        
      </map:CodeMapPackage.Maps>
      <map:CodeMapPackage.ReferencedPackages>
        <Reference>System.Windows.UIElement</Reference>
      </map:CodeMapPackage.ReferencedPackages>
      <map:CodeMapPackage.Metadata>
        <map:PackageMetadata Key="DIRECT_MAPPING" Value="true" />
      </map:CodeMapPackage.Metadata>
    </map:CodeMapPackage>
  </MapUnit.Elements>
</MapUnit>