<MapUnit xmlns="clr-namespace:Mobilize.Mappers.Extensibility.Core;assembly=Mobilize.ExtensibleMappers"
         xmlns:map="clr-namespace:Mobilize.Mappers.Extensibility.Code;assembly=Mobilize.ExtensibleMappers">
  <MapUnit.Elements>
    <map:CodeMapPackage Type="System.Resources.ResourceManager">
      <map:CodeMapPackage.Maps>

        <map:CodeMap Kind="New">
          <map:Conditional>
            <!-- Case for one argument of type Type -->
            <map:Case>
              <map:Case.Condition>
                <map:WithConstructorCall>
                  <map:ArgumentCount>1</map:ArgumentCount>
                </map:WithConstructorCall>
              </map:Case.Condition>
              <map:Case.Action>
                <map:Keep/>
              </map:Case.Action>
            </map:Case>
            <!-- Case for two arguments, both params of type Int -->
            <map:Case>
              <map:Case.Condition>
                <map:WithConstructorCall>
                  <map:ArgumentCount>2</map:ArgumentCount>
                </map:WithConstructorCall>
              </map:Case.Condition>
              <map:Case.Action>
                <map:Keep/>
              </map:Case.Action>
            </map:Case>
            <!-- Case for two arguments, first parameter of type UIElement and second parameter type Transform -->
            <map:Case>
              <map:Case.Condition>
                <map:WithConstructorCall>
                  <map:ArgumentCount>3</map:ArgumentCount>                  
                </map:WithConstructorCall>
              </map:Case.Condition>
              <map:Case.Action>
                <map:MarkAsNotMapped/>
              </map:Case.Action>
            </map:Case>
            <map:Default>
              <map:MarkAsNotMapped/>
            </map:Default>
          </map:Conditional>
        </map:CodeMap>

        <map:CodeMap Kind="Call" MemberName="GetString">
          <map:CodeMap.Action>
            <map:Keep/>
          </map:CodeMap.Action>
        </map:CodeMap>

      </map:CodeMapPackage.Maps>
    </map:CodeMapPackage>
  </MapUnit.Elements>
</MapUnit>