<MapUnit xmlns="clr-namespace:Mobilize.Mappers.Extensibility.Core;assembly=ExtensibleMappers"
         xmlns:map="clr-namespace:Mobilize.Mappers.Extensibility.Code;assembly=ExtensibleMappers">
  <MapUnit.Elements>
    <map:CodeMapPackage Type="System.ComponentModel.EditorBrowsableAttribute">
      <map:CodeMapPackage.Maps>
		
        <map:CodeMap Kind="New">
            <map:Conditional>
              <map:Case>
                <map:Case.Condition>
                  <map:WithConstructorCall>
                    <map:ArgumentCount>0</map:ArgumentCount>
                  </map:WithConstructorCall>
                </map:Case.Condition>
                <map:Case.Action>
                  <map:ReplaceWithTemplate>new EditorBrowsableAttribute(System.ComponentModel.EditorBrowsableState.Always);</map:ReplaceWithTemplate>
                </map:Case.Action>
              </map:Case>
              <map:Default>
                <map:Keep/>
              </map:Default>
            </map:Conditional>
        </map:CodeMap>
	
		
		
      </map:CodeMapPackage.Maps>
    </map:CodeMapPackage>
  </MapUnit.Elements>
</MapUnit>