<MapUnit xmlns="clr-namespace:Mobilize.Mappers.Extensibility.Core;assembly=Mobilize.ExtensibleMappers"
         xmlns:map="clr-namespace:Mobilize.Mappers.Extensibility.Code;assembly=Mobilize.ExtensibleMappers">
  <MapUnit.Elements>
    <map:CodeMapPackage Type="Windows.Devices.Geolocation.Geocoordinate">
      <map:CodeMapPackage.Maps>

        <map:CodeMap Kind="MemberAccess" MemberName="Longitude">
          <map:Conditional>
            <map:Case>
              <map:Case.Condition>
                <map:WithLeftSideOfDottedAccess>
                  <map:AssignName>$coordinate</map:AssignName>
                </map:WithLeftSideOfDottedAccess>
              </map:Case.Condition>
              <map:Case.Action>
                <map:ReplaceWithTemplate>
                  $coordinate.Point.Position.Longitude
                </map:ReplaceWithTemplate>
              </map:Case.Action>
            </map:Case>
            <map:Default>
              <map:Keep/>
            </map:Default>
          </map:Conditional>
        </map:CodeMap>

        <map:CodeMap Kind="MemberAccess" MemberName="Latitude">
          <map:Conditional>
            <map:Case>
              <map:Case.Condition>
                <map:WithLeftSideOfDottedAccess>
                  <map:AssignName>$coordinate</map:AssignName>
                </map:WithLeftSideOfDottedAccess>
              </map:Case.Condition>
              <map:Case.Action>
                <map:ReplaceWithTemplate>
                  $coordinate.Point.Position.Latitude
                </map:ReplaceWithTemplate>
              </map:Case.Action>
            </map:Case>
            <map:Default>
              <map:Keep/>
            </map:Default>
          </map:Conditional>
        </map:CodeMap>

      </map:CodeMapPackage.Maps>
    </map:CodeMapPackage>
  </MapUnit.Elements>
</MapUnit>