<MapUnit xmlns="clr-namespace:Mobilize.Mappers.Extensibility.Core;assembly=Mobilize.ExtensibleMappers"
         xmlns:map="clr-namespace:Mobilize.Mappers.Extensibility.Code;assembly=Mobilize.ExtensibleMappers">
  <MapUnit.Elements>
    <map:CodeMapPackage Type="System.Windows.Interactivity.Behavior">
      <map:CodeMapPackage.Maps>
       
        <map:CodeMap Kind="Type" >
          <map:CodeMap.Action>
            <map:ActionSequence>
              <map:AddHelper Path="..\Helpers\Behavior.cs" />
              <map:AddHelper Path="..\Helpers\BehaviorOfT.cs" />
              <map:ReplaceClassUsage NewNamespace="WindowsPhoneUWP.UpgradeHelpers" NewClassName="Behavior" KeepTypeArguments="True" ></map:ReplaceClassUsage>
            </map:ActionSequence>
          </map:CodeMap.Action>
        </map:CodeMap>

        <map:CodeMap Kind="Call" MemberName="OnAttached">
          <map:CodeMap.Action>
            <map:Keep/>
          </map:CodeMap.Action>
        </map:CodeMap>

        <map:CodeMap Kind="Call" MemberName="OnDetaching">
          <map:CodeMap.Action>
            <map:Keep/>
          </map:CodeMap.Action>
        </map:CodeMap>
   
      </map:CodeMapPackage.Maps>
    </map:CodeMapPackage>
  </MapUnit.Elements>
</MapUnit>