<MapUnit xmlns="clr-namespace:Mobilize.Mappers.Extensibility.Core;assembly=Mobilize.ExtensibleMappers"
         xmlns:map="clr-namespace:Mobilize.Mappers.Extensibility.Code;assembly=Mobilize.ExtensibleMappers">
  <MapUnit.Elements>
    <map:CodeMapPackage Type="Coding4Fun.Toolkit.Controls.Data.PhoneHelper">      
      <map:CodeMapPackage.Maps>

        <map:CodeMap Kind="Type">
          <map:CodeMap.Action>
            <map:ReplaceClassUsage NewNamespace="Windows.ApplicationModel" NewClassName="Package" />
          </map:CodeMap.Action>
        </map:CodeMap>

        <map:CodeMap Kind="Call" MemberName="GetAppAttribute">          
          <map:Conditional>
            <map:Case>
              <map:Case.Condition>
                <map:WithMethodCall>
                  <map:WithArgument Position="0">
                    <map:Equals>"Version"</map:Equals>
                  </map:WithArgument>
                </map:WithMethodCall>
              </map:Case.Condition>
              <map:Case.Action>
                <map:ReplaceWithTemplate>Package.Current.Id.Version</map:ReplaceWithTemplate>
              </map:Case.Action>
            </map:Case>
            <map:Case>
              <map:Case.Condition>
                <map:WithMethodCall>
                  <map:WithArgument Position="0">
                    <map:Equals>"Description"</map:Equals>
                  </map:WithArgument>
                </map:WithMethodCall>
              </map:Case.Condition>
              <map:Case.Action>
                <map:ReplaceWithTemplate>Package.Current.Description</map:ReplaceWithTemplate>
              </map:Case.Action>
            </map:Case>
            <map:Case>
              <map:Case.Condition>
                <map:WithMethodCall>
                  <map:WithArgument Position="0">
                    <map:Equals>"PublisherId"</map:Equals>
                  </map:WithArgument>
                </map:WithMethodCall>
              </map:Case.Condition>
              <map:Case.Action>
                <map:ReplaceWithTemplate>Package.Current.Id.PuslisherId</map:ReplaceWithTemplate>
              </map:Case.Action>
            </map:Case>
            <map:Case>
              <map:Case.Condition>
                <map:WithMethodCall>
                  <map:WithArgument Position="0">
                    <map:Equals>"Title"</map:Equals>
                  </map:WithArgument>
                </map:WithMethodCall>
              </map:Case.Condition>
              <map:Case.Action>
                <map:ReplaceWithTemplate>Package.Current.DisplayName</map:ReplaceWithTemplate>
              </map:Case.Action>
            </map:Case>
            <map:Case>
              <map:Case.Condition>
                <map:WithMethodCall>
                  <map:WithArgument Position="0">
                    <map:AssignName>$param</map:AssignName>
                  </map:WithArgument>
                </map:WithMethodCall>
              </map:Case.Condition>
              <map:Case.Action>
                <map:ActionSequence>
                  <map:AddHelper Path="..\Helpers\PhoneHelper.cs" />
                  <map:ReplaceWithTemplate>WindowsPhoneUWP.UpgradeHelpers.PhoneHelper.GetInfo($param)</map:ReplaceWithTemplate>
                </map:ActionSequence>
              </map:Case.Action>
            </map:Case>
            <map:Default>
              <map:Keep />            
            </map:Default>
          </map:Conditional>              
        </map:CodeMap>      
        
      </map:CodeMapPackage.Maps>
    </map:CodeMapPackage>
  </MapUnit.Elements>
</MapUnit>