<MapUnit xmlns="clr-namespace:Mobilize.Mappers.Extensibility.Core;assembly=Mobilize.ExtensibleMappers"
         xmlns:map="clr-namespace:Mobilize.Mappers.Extensibility.Code;assembly=Mobilize.ExtensibleMappers">
  <MapUnit.Elements>
    <map:CodeMapPackage Type="System.Windows.Input.ManipulationCompletedEventArgs">
      <map:CodeMapPackage.Maps>

        <map:CodeMap Kind="Type">
          <map:CodeMap.Action>
            <map:ReplaceClassUsage NewNamespace="Windows.UI.Xaml.Input"
                                   NewClassName="ManipulationCompletedRoutedEventArgs" />
          </map:CodeMap.Action>
        </map:CodeMap>

        <map:CodeMap Kind="MemberAccess" MemberName="ManipulationContainer">
          <map:ReplaceWithProperty NewProperty="Container" />
        </map:CodeMap>

        <map:CodeMap Kind="MemberAccess" MemberName="FinalVelocities">
          <map:ReplaceWithProperty NewProperty="Velocities" />
        </map:CodeMap>

        <map:CodeMap Kind="MemberAccess" MemberName="TotalManipulation">
          <map:ReplaceWithProperty NewProperty="Cumulative" />
        </map:CodeMap>

        <map:CodeMap Kind="MemberAccess" MemberName="FinalVelocities">
          <map:Keep />
        </map:CodeMap>

        <map:CodeMap Kind="MemberAccess" MemberName="IsInertial">
          <map:Keep />
        </map:CodeMap>

      </map:CodeMapPackage.Maps>
    </map:CodeMapPackage>
  </MapUnit.Elements>
</MapUnit>