<MapUnit xmlns="clr-namespace:Mobilize.Mappers.Extensibility.Core;assembly=Mobilize.ExtensibleMappers"
         xmlns:map="clr-namespace:Mobilize.Mappers.Extensibility.Code;assembly=Mobilize.ExtensibleMappers">
  <MapUnit.Elements>
    <map:CodeMapPackage Type="System.Windows.Input.ManipulationDeltaEventArgs">
      <map:CodeMapPackage.Maps>

        <map:CodeMap Kind="Type">
          <map:CodeMap.Action>
            <map:ReplaceClassUsage NewNamespace="Windows.UI.Xaml.Input"
                                   NewClassName="ManipulationDeltaRoutedEventArgs" />
          </map:CodeMap.Action>
        </map:CodeMap>

        <map:CodeMap Kind="MemberAccess" MemberName="ManipulationContainer">
          <map:ReplaceWithProperty NewProperty="Container" />
        </map:CodeMap>

        <map:CodeMap Kind="MemberAccess" MemberName="DeltaManipulation">
          <map:ReplaceWithProperty NewProperty="Delta" />
        </map:CodeMap>

        <map:CodeMap Kind="MemberAccess" MemberName="CumulativeManipulation">
          <map:ReplaceWithProperty NewProperty="Cumulative" />
        </map:CodeMap>

        <map:CodeMap Kind="MemberAccess" MemberName="ManipulationOrigin">
          <map:ReplaceWithProperty NewProperty="Position" />
        </map:CodeMap>

        <map:CodeMap Kind="MemberAccess" MemberName="Handled">
          <map:Keep />
        </map:CodeMap>

        <map:CodeMap Kind="MemberAccess" MemberName="PinchManipulation">
          <map:CodeMap.Action>
            <map:MarkAsNotMapped/>
          </map:CodeMap.Action>
        </map:CodeMap>

      </map:CodeMapPackage.Maps>
    </map:CodeMapPackage>
  </MapUnit.Elements>
</MapUnit>