<MapUnit xmlns="clr-namespace:Mobilize.Mappers.Extensibility.Core;assembly=ExtensibleMappers"
         xmlns:map="clr-namespace:Mobilize.Mappers.Extensibility.Code;assembly=ExtensibleMappers">
  <MapUnit.Elements>
    <map:CodeMapPackage Type="System.Windows.Input.ManipulationVelocities">
      <map:CodeMapPackage.Maps>

        <map:CodeMap Kind="Type">
          <map:CodeMap.Action>
            <map:ReplaceClassUsage NewNamespace="Windows.UI.Input"
                                   NewClassName="ManipulationVelocities" />
          </map:CodeMap.Action>
        </map:CodeMap>

        <map:CodeMap Kind="MemberAccess" MemberName="LinearVelocity">
          <map:ReplaceWithProperty NewProperty="Linear" />
        </map:CodeMap>

        <!--Verificar luego-->

        <map:CodeMap Kind="MemberAccess" MemberName="ExpansionVelocity">
          <map:ReplaceWithProperty NewProperty="Expansion" />
        </map:CodeMap>

      </map:CodeMapPackage.Maps>
    </map:CodeMapPackage>
  </MapUnit.Elements>
</MapUnit>