<MapUnit xmlns="clr-namespace:Mobilize.Mappers.Extensibility.Core;assembly=Mobilize.ExtensibleMappers"
         xmlns:map="clr-namespace:Mobilize.Mappers.Extensibility.Code;assembly=Mobilize.ExtensibleMappers">
  <MapUnit.Elements>
    <map:CodeMapPackage Type="System.Windows.Input.TouchFrameEventArgs">
      <map:CodeMapPackage.Maps>

      <map:CodeMap Kind="Type">
        <map:CodeMap.Action>
            <map:ReplaceClassUsage NewNamespace="Windows.UI.Xaml.Input" NewClassName="PointerRoutedEventArgs" />
        </map:CodeMap.Action>
      </map:CodeMap>

      <map:CodeMap Kind="Call" MemberName="GetPrimaryTouchPoint">
        <map:CodeMap.Action>
          <map:RedirectCall NewMethod="GetCurrentPoint" />
        </map:CodeMap.Action>
      </map:CodeMap>

      <map:CodeMap Kind="Call" MemberName="GetTouchPoints">
        <map:CodeMap.Action>
          <map:RedirectCall NewMethod="GetIntermediatePoints" />
        </map:CodeMap.Action>
      </map:CodeMap>

      </map:CodeMapPackage.Maps>
    </map:CodeMapPackage>
  </MapUnit.Elements>
</MapUnit>
