<MapUnit xmlns="clr-namespace:Mobilize.Mappers.Extensibility.Core;assembly=ExtensibleMappers"
         xmlns:map="clr-namespace:Mobilize.Mappers.Extensibility.Code;assembly=ExtensibleMappers">
  <MapUnit.Elements>
    <map:CodeMapPackage Type="System.Reflection.FieldInfo">
      <map:CodeMapPackage.Maps>



        <map:CodeMap Kind="MemberAccess" MemberName="EventHandlerType">
          <map:Keep/>
        </map:CodeMap>

        <map:CodeMap Kind="MemberAccess" MemberName="FieldType">
          <map:Keep/>
        </map:CodeMap>

        <map:CodeMap Kind="MemberAccess" MemberName="IsLiteral">
          <map:Keep/>
        </map:CodeMap>
		
		<map:CodeMap Kind="MemberAccess" MemberName="IsPrivate">
          <map:Keep/>
        </map:CodeMap>
		
		<map:CodeMap Kind="MemberAccess" MemberName="IsPublic">
          <map:Keep/>
        </map:CodeMap>
		
		<map:CodeMap Kind="MemberAccess" MemberName="IsStatic">
          <map:Keep/>
        </map:CodeMap>
		
		<map:CodeMap Kind="MemberAccess" MemberName="IsInitOnly">
          <map:Keep/>
        </map:CodeMap>
		

		


        <map:CodeMap Kind="Call" MemberName="GetFieldFromHandle">
         <map:Keep/>
        </map:CodeMap>

        <map:CodeMap Kind="Call" MemberName="GetValue">
         <map:Keep/>
        </map:CodeMap>
		
		<map:CodeMap Kind="Call" MemberName="SetValue">
         <map:Keep/>
        </map:CodeMap>
   
      </map:CodeMapPackage.Maps>
    </map:CodeMapPackage>
  </MapUnit.Elements>
</MapUnit>