<MapUnit xmlns="clr-namespace:Mobilize.Mappers.Extensibility.Core;assembly=ExtensibleMappers"
         xmlns:map="clr-namespace:Mobilize.Mappers.Extensibility.Code;assembly=ExtensibleMappers">
  <MapUnit.Elements>
    <map:CodeMapPackage Type="System.Reflection.MethodBase">
      <map:CodeMapPackage.Maps>


        <map:CodeMap Kind="MemberAccess" MemberName="ContainsGenericParameters">
          <map:Keep/>
        </map:CodeMap>

        <map:CodeMap Kind="MemberAccess" MemberName="IsPublic">
          <map:Keep/>
        </map:CodeMap>

        <map:CodeMap Kind="MemberAccess" MemberName="IsStatic">
          <map:Keep/>
        </map:CodeMap>

		<map:CodeMap Kind="MemberAccess" MemberName="IsVirtual">
          <map:Keep/>
        </map:CodeMap>
		
        <map:CodeMap Kind="Call" MemberName="GetMethodFromHandle">
         <map:Keep/>
        </map:CodeMap>
		
		<map:CodeMap Kind="Call" MemberName="GetParameters">
         <map:Keep/>
        </map:CodeMap>
		
		<map:CodeMap Kind="Call" MemberName="Invoke">
         <map:Keep/>
        </map:CodeMap>
		
		

   
      </map:CodeMapPackage.Maps>
    </map:CodeMapPackage>
  </MapUnit.Elements>
</MapUnit>