<MapUnit xmlns="clr-namespace:Mobilize.Mappers.Extensibility.Core;assembly=Mobilize.ExtensibleMappers"
         xmlns:map="clr-namespace:Mobilize.Mappers.Extensibility.Code;assembly=Mobilize.ExtensibleMappers">
  <MapUnit.Elements>
    <map:CodeMapPackage Type="Coding4Fun.Phone.Controls.Converter.StringToVisibilityConverter">
      <map:CodeMapPackage.Maps>

        <map:CodeMap Kind="Type">
          <map:CodeMap.Action>
            <map:ActionSequence >
              <map:AddHelper Path="..\Helpers\StringToVisibilityConverter.cs" />             
              <map:ReplaceClassUsage NewNamespace="WindowsPhoneUWP.UpgradeHelpers" NewClassName="StringToVisibilityConverter" />
            </map:ActionSequence>
          </map:CodeMap.Action>
        </map:CodeMap>

        <map:CodeMap Kind="MemberAccess" MemberName="Convert">
          <map:Keep/>
        </map:CodeMap>

        <map:CodeMap Kind="MemberAccess" MemberName="ConvertBack">
          <map:Keep/>
        </map:CodeMap>

      </map:CodeMapPackage.Maps>
      <map:CodeMapPackage.Metadata>
        <map:PackageMetadata Key="DIRECT_MAPPING" Value="true"/>
      </map:CodeMapPackage.Metadata>
    </map:CodeMapPackage>
  </MapUnit.Elements>
</MapUnit>