<MapUnit xmlns="clr-namespace:Mobilize.Mappers.Extensibility.Core;assembly=Mobilize.ExtensibleMappers"
         xmlns:map="clr-namespace:Mobilize.Mappers.Extensibility.Code;assembly=Mobilize.ExtensibleMappers">
  <MapUnit.Elements>
    <map:CodeMapPackage Type="System.Windows.Controls.Control">
      <map:CodeMapPackage.Maps>

        <map:CodeMap Kind="Type">
          <map:CodeMap.Action>
            <map:ReplaceClassUsage NewNamespace="Windows.UI.Xaml.Controls"
                                   NewClassName="Control" />
          </map:CodeMap.Action>
        </map:CodeMap>

        <map:CodeMap Kind="MemberAccess" MemberName="IsEnabledChanged">
          <map:Keep/>
        </map:CodeMap>

        <map:CodeMap Kind="Call" MemberName="ApplyTemplate">
          <map:Keep/>
        </map:CodeMap>

        <map:CodeMap Kind="Call" MemberName="Focus">
          <map:Conditional>
            <map:Case>
              <map:Case.Condition>
                <map:WithCalledMemberOwner>
                  <map:AssignName>$owner</map:AssignName>
                </map:WithCalledMemberOwner>
              </map:Case.Condition>
              <map:Case.Action>
                <map:ReplaceWithTemplate>$owner.Focus(FocusState.Programmatic)</map:ReplaceWithTemplate>
              </map:Case.Action>
            </map:Case>
            <map:Default>
              <map:ReplaceWithTemplate>
                this.Focus(FocusState.Programmatic)
              </map:ReplaceWithTemplate>
            </map:Default>
          </map:Conditional>
        </map:CodeMap>

        <map:CodeMap Kind="MemberAccess" MemberName="Background">
          <map:Keep/>
        </map:CodeMap>

        <map:CodeMap Kind="MemberAccess" MemberName="FontSize">
          <map:Keep/>
        </map:CodeMap>

        <map:CodeMap Kind="MemberAccess" MemberName="IsEnabled">
          <map:Keep/>
        </map:CodeMap>

        <map:CodeMap Kind="Call" MemberName="GetTemplateChild">
          <map:Keep/>
        </map:CodeMap>

        <map:CodeMap Kind="MemberAccess" MemberName="BorderThickness">
          <map:Keep/>
        </map:CodeMap>

        <map:CodeMap Kind="MemberAccess" MemberName="DefaultStyleKey">
          <map:Keep/>
        </map:CodeMap>

        <map:CodeMap Kind="MemberAccess" MemberName="Padding">
          <map:Keep/>
        </map:CodeMap>

        <map:CodeMap Kind="MemberAccess" MemberName="Foreground">
          <map:Keep/>
        </map:CodeMap>

        <map:CodeMap Kind="MemberAccess" MemberName="HorizontalContentAlignment">
          <map:Keep/>
        </map:CodeMap>

        <map:CodeMap Kind="MemberAccess" MemberName="VerticalContentAlignment">
          <map:Keep/>
        </map:CodeMap>

      </map:CodeMapPackage.Maps>
    </map:CodeMapPackage>
  </MapUnit.Elements>
</MapUnit>