<MapUnit xmlns="clr-namespace:Mobilize.Mappers.Extensibility.Core;assembly=Mobilize.ExtensibleMappers"
         xmlns:map="clr-namespace:Mobilize.Mappers.Extensibility.Code;assembly=Mobilize.ExtensibleMappers">
  <MapUnit.Elements>
    <map:CodeMapPackage Type="System.Windows.Controls.Page">
      <map:CodeMapPackage.Maps>

        <map:CodeMap Kind="Type">
          <map:CodeMap.Action>
            <map:ReplaceClassUsage NewNamespace="Windows.UI.Xaml.Controls"
                                   NewClassName="Page" />
          </map:CodeMap.Action>
        </map:CodeMap>

        <map:CodeMap Kind="MemberAccess" MemberName="OnNavigatedFrom">
          <map:Keep/>
        </map:CodeMap>

        <map:CodeMap Kind="MemberAccess" MemberName="OnNavigatedTo">
          <map:Keep/>
        </map:CodeMap>

        <map:CodeMap Kind="MemberAccess" MemberName="OnNavigatingFrom">
          <map:Keep/>
        </map:CodeMap>

        <map:CodeMap Kind="MemberAccess" MemberName="NavigationContext">
          <map:CodeMap.Action>
            <map:Conditional>
              <map:Default>
                <map:ReplaceWithTemplate>
                  ((Windows.UI.Xaml.Controls.Frame)Windows.UI.Xaml.Window.Current.Content)
                </map:ReplaceWithTemplate>
              </map:Default>
            </map:Conditional>
          </map:CodeMap.Action>
        </map:CodeMap>

        <map:CodeMap Kind="Call" MemberName="NavigationService">
          <map:CodeMap.Action>
            <map:Conditional>
              <map:Default>
                <map:ReplaceWithTemplate>
                  ((Windows.UI.Xaml.Controls.Frame)Windows.UI.Xaml.Window.Current.Content)
                </map:ReplaceWithTemplate>
              </map:Default>
            </map:Conditional>
          </map:CodeMap.Action>
        </map:CodeMap>

      </map:CodeMapPackage.Maps>
    </map:CodeMapPackage>
  </MapUnit.Elements>
</MapUnit>