<MapUnit xmlns="clr-namespace:Mobilize.Mappers.Extensibility.Core;assembly=Mobilize.ExtensibleMappers"
         xmlns:map="clr-namespace:Mobilize.Mappers.Extensibility.Code;assembly=Mobilize.ExtensibleMappers">
  <MapUnit.Elements>
    <map:CodeMapPackage Type="System.Windows.Controls.PasswordBox">
      <map:CodeMapPackage.Maps>

        <map:CodeMap Kind="Type">
          <map:CodeMap.Action>
            <map:ReplaceClassUsage NewNamespace="Windows.UI.Xaml.Controls"
                                   NewClassName="PasswordBox" />
          </map:CodeMap.Action>
        </map:CodeMap>

        <map:CodeMap Kind="MemberAccess" MemberName="PasswordChanged">
          <map:Keep/>
        </map:CodeMap>

        <map:CodeMap Kind="MemberAccess" MemberName="Password">
          <map:Keep/>
        </map:CodeMap>

        <map:CodeMap Kind="MemberAccess" MemberName="PasswordProperty">
          <map:Keep/>
        </map:CodeMap>

      </map:CodeMapPackage.Maps>
    </map:CodeMapPackage>
  </MapUnit.Elements>
</MapUnit>