<MapUnit xmlns="clr-namespace:Mobilize.Mappers.Extensibility.Core;assembly=Mobilize.ExtensibleMappers"
         xmlns:map="clr-namespace:Mobilize.Mappers.Extensibility.Code;assembly=Mobilize.ExtensibleMappers"
         xmlns:x='http://schemas.microsoft.com/winfx/2006/xaml'>
  <MapUnit.Elements>
    <map:CodeMapPackage Type="System.Windows.Controls.RowDefinition">
      <map:CodeMapPackage.Maps>

        <map:CodeMap Kind="Type">
          <map:CodeMap.Action>
            <map:ReplaceClassUsage NewNamespace="Windows.UI.Xaml.Controls"
                                   NewClassName="RowDefinition" />
          </map:CodeMap.Action>
        </map:CodeMap>

        <map:CodeMap Kind="New">
          <map:CodeMap.Action>
            <map:Keep />
          </map:CodeMap.Action>
        </map:CodeMap>

        <map:CodeMap Kind="MemberAccess" MemberName="Height">
          <map:CodeMap.Action>
            <map:Keep />
          </map:CodeMap.Action>
        </map:CodeMap>

      </map:CodeMapPackage.Maps>
      <map:CodeMapPackage.ReferencedPackages>
        <x:String>System.Windows.UIElement</x:String>
      </map:CodeMapPackage.ReferencedPackages>
    </map:CodeMapPackage>
  </MapUnit.Elements>
</MapUnit>
