<MapUnit xmlns="clr-namespace:Mobilize.Mappers.Extensibility.Core;assembly=Mobilize.ExtensibleMappers"
         xmlns:map="clr-namespace:Mobilize.Mappers.Extensibility.Code;assembly=Mobilize.ExtensibleMappers">
  <MapUnit.Elements>
    <map:CodeMapPackage Type="Microsoft.Phone.Shell.FlipTileData">
      <map:CodeMapPackage.Maps>

      <map:CodeMap Kind="Type" >
          <map:CodeMap.Action>
            <map:ReplaceClassUsage
                  NewNamespace="Windows.Data.Xml.Dom"
                  NewClassName="XmlDocument" />
          </map:CodeMap.Action>
        </map:CodeMap>

        <map:CodeMap Kind="New" >
          <map:CodeMap.Action>
            <map:ActionSequence>
              <map:AddPreStatementFromTemplate>
                var tileUpdateXmlDocument = new Windows.Data.Xml.Dom.XmlDocument();
              </map:AddPreStatementFromTemplate>
              <map:AddPreStatementFromTemplate>
                <![CDATA[
                tileUpdateXmlDocument.LoadXml(@"<tile>
   <visual >
<binding template='TileMedium'>
     <text hint-style='title'></text>
     <text hint-style='body'></text>
</binding>
<binding template='TileWide'>
     <text hint-style='title'></text>
     <text hint-style='body'></text>
</binding>
   </visual>
</tile>");
                ]]>
              </map:AddPreStatementFromTemplate>
            <map:ReplaceWithTemplate>
              <![CDATA[
              
              tileUpdateXmlDocument 
              
              ]]>
            </map:ReplaceWithTemplate>
            </map:ActionSequence>
          </map:CodeMap.Action>
        </map:CodeMap>
        
        
        <map:CodeMap Kind="MemberAccess" MemberName="BackTitle">
          <map:Conditional>
            <map:Case>
              <map:Case.Condition>
                <map:WithLeftSideOfDottedAccess>
                  <map:AssignName>$owner</map:AssignName>
                </map:WithLeftSideOfDottedAccess>
              </map:Case.Condition>
                <map:Case.Action>
                  <map:ReplaceWithTemplate>
                    $owner.SelectSingleNode("/tile/visual/binding[@template='TileMedium']/text[@hint-style='title']").InnerText
                  </map:ReplaceWithTemplate>
               </map:Case.Action>
            </map:Case>
            <map:Default>
              <map:Keep/>
            </map:Default>
          </map:Conditional>
        </map:CodeMap>

        <map:CodeMap Kind="MemberAccess" MemberName="BackContent">
          <map:Conditional>
            <map:Case>
              <map:Case.Condition>
                <map:WithLeftSideOfDottedAccess>
                  <map:AssignName>$owner</map:AssignName>
                </map:WithLeftSideOfDottedAccess>
              </map:Case.Condition>
              <map:Case.Action>
                <map:ReplaceWithTemplate>
                  $owner.SelectSingleNode("/tile/visual/binding[@template='TileMedium']/text[@hint-style='body']").InnerText
                </map:ReplaceWithTemplate>
              </map:Case.Action>
            </map:Case>
            <map:Default>
              <map:Keep/>
            </map:Default>
          </map:Conditional>
        </map:CodeMap>

        <map:CodeMap Kind="MemberAccess" MemberName="WideBackContent">
          <map:Conditional>
            <map:Case>
              <map:Case.Condition>
                <map:WithLeftSideOfDottedAccess>
                  <map:AssignName>$owner</map:AssignName>
                </map:WithLeftSideOfDottedAccess>
              </map:Case.Condition>
              <map:Case.Action>
                <map:ReplaceWithTemplate>
                  $owner.SelectSingleNode("/tile/visual/binding[@template='TileWide']/text[@hint-style='body']").InnerText
                </map:ReplaceWithTemplate>
              </map:Case.Action>
            </map:Case>
            <map:Default>
              <map:Keep/>
            </map:Default>
          </map:Conditional>
        </map:CodeMap>
        
      </map:CodeMapPackage.Maps>
    </map:CodeMapPackage>
  </MapUnit.Elements>
</MapUnit>