<MapUnit xmlns="clr-namespace:Mobilize.Mappers.Extensibility.Core;assembly=Mobilize.ExtensibleMappers"
         xmlns:map="clr-namespace:Mobilize.Mappers.Extensibility.Code;assembly=Mobilize.ExtensibleMappers">
  <MapUnit.Elements>
    <map:CodeMapPackage Type="Microsoft.Phone.Shell.IApplicationBar">
      <map:CodeMapPackage.Maps>
        <map:CodeMap Kind="Type">
          <map:CodeMap.Action>
            <map:ReplaceClassUsage NewNamespace="Windows.UI.Xaml.Controls" NewClassName="CommandBar" />
          </map:CodeMap.Action>
        </map:CodeMap>

        <map:CodeMap Kind="MemberAccess" MemberName="Buttons">
            <map:ReplaceWithProperty NewProperty="PrimaryCommands" />
        </map:CodeMap>

        <map:CodeMap Kind="MemberAccess" MemberName="IsVisible">
          <map:Conditional>
            <map:Case>
              <map:Case.Condition>
                <map:WithLeftSideOfDottedAccess>
                  <map:AssignName>$owner</map:AssignName>
                </map:WithLeftSideOfDottedAccess>
              </map:Case.Condition>
              <map:Case.Action>
                <map:ReplaceWithTemplate>($owner.Visibility == Visibility.Visible)  </map:ReplaceWithTemplate>
              </map:Case.Action>
            </map:Case>
            <map:Default>
              <map:Keep/>
            </map:Default>
          </map:Conditional>
        </map:CodeMap>

        <map:CodeMap Kind="Assign" MemberName="IsVisible">
          <map:Conditional>
            <map:Case>
              <map:Case.Condition>
                <map:WithAssignment>
                  <map:WithAssignmentLeftSide>
                    <map:WithLeftSideOfDottedAccess>
                      <map:AssignName>$owner</map:AssignName>
                    </map:WithLeftSideOfDottedAccess>
                  </map:WithAssignmentLeftSide>
                  <map:WithAssignmentRightSide>
                    <map:AssignName>$right</map:AssignName>
                  </map:WithAssignmentRightSide>
                </map:WithAssignment>
              </map:Case.Condition>
              <map:Case.Action>
                <map:ReplaceWithTemplate>$owner.Visibility = $right ? Visibility.Visible : Visibility.Collapsed</map:ReplaceWithTemplate>
              </map:Case.Action>
            </map:Case>
            <map:Default>
              <map:Keep></map:Keep>
            </map:Default>
          </map:Conditional>
        </map:CodeMap>

        <map:CodeMap Kind="Assign" MemberName="BackgroundColor">
          <map:Conditional>
            <map:Case>
              <map:Case.Condition>
                <map:WithAssignment>
                  <map:WithAssignmentLeftSide>
                    <map:WithLeftSideOfDottedAccess>
                      <map:AssignName>$owner</map:AssignName>
                    </map:WithLeftSideOfDottedAccess>
                  </map:WithAssignmentLeftSide>
                  <map:WithAssignmentRightSide>
                    <map:AssignName>$right</map:AssignName>
                  </map:WithAssignmentRightSide>
                </map:WithAssignment>
              </map:Case.Condition>
              <map:Case.Action>
                <map:ReplaceWithTemplate>$owner.Background = new SolidColorBrush($right);</map:ReplaceWithTemplate>
              </map:Case.Action>
            </map:Case>
            <map:Default>
              <map:Keep></map:Keep>
            </map:Default>
          </map:Conditional>
        </map:CodeMap>

        <map:CodeMap Kind="MemberAccess" MemberName="BackgroundColor">
          <map:Conditional>
            <map:Case>
              <map:Case.Condition>
                <map:WithLeftSideOfDottedAccess>
                  <map:AssignName>$owner</map:AssignName>
                </map:WithLeftSideOfDottedAccess>
              </map:Case.Condition>
              <map:Case.Action>
                <map:ReplaceWithTemplate>((SolidColorBrush)$owner.Background).Color</map:ReplaceWithTemplate>
              </map:Case.Action>
            </map:Case>
            <map:Default>
              <map:Keep/>
            </map:Default>
          </map:Conditional>
        </map:CodeMap>

        <map:CodeMap Kind="MemberAccess" MemberName="IsMenuEnabled">
          <map:CodeMap.Action>
            <map:MarkAsNotMapped/>
          </map:CodeMap.Action>
        </map:CodeMap>
        
        <map:CodeMap Kind="MemberAccess" MemberName="MenuItems">
          <map:ReplaceWithProperty NewProperty="SecondaryCommands" />
        </map:CodeMap>
      </map:CodeMapPackage.Maps>
    </map:CodeMapPackage>
  </MapUnit.Elements>
</MapUnit>