<MapUnit xmlns="clr-namespace:Mobilize.Mappers.Extensibility.Core;assembly=Mobilize.ExtensibleMappers"
         xmlns:map="clr-namespace:Mobilize.Mappers.Extensibility.Code;assembly=Mobilize.ExtensibleMappers">
  <MapUnit.Elements>
    <map:CodeMapPackage Type="Microsoft.Phone.Shell.StandardTileData">
      <map:CodeMapPackage.Maps>

      <map:CodeMap Kind="Type" >
          <map:CodeMap.Action>
            <map:ReplaceClassUsage
                  NewNamespace="Windows.UI.StartScreen"
                  NewClassName="SecondaryTile" />
          </map:CodeMap.Action>
        </map:CodeMap>
        
        
      <map:CodeMap Kind="MemberAccess" MemberName="Title">
          <map:CodeMap.Action>
            <map:ReplaceWithProperty NewProperty="DisplayName"/>
          </map:CodeMap.Action>
        </map:CodeMap>
        
        <map:CodeMap Kind="MemberAccess" MemberName="BackgroundImage">
          <map:Conditional>
            <map:Case>
              <map:Case.Condition>
                <map:WithLeftSideOfDottedAccess>
                  <map:AssignName>$owner</map:AssignName>
                </map:WithLeftSideOfDottedAccess>
              </map:Case.Condition>
                <map:Case.Action>
                  <map:ReplaceWithTemplate>
                    $owner.VisualElements.Square150x150Logo
                  </map:ReplaceWithTemplate>
               </map:Case.Action>
            </map:Case>
            <map:Default>
              <map:ReplaceWithProperty NewProperty="Logo"/>
            </map:Default>
          </map:Conditional>
        </map:CodeMap>
        
         <map:CodeMap Kind="Assign" MemberName="BackgroundImage">
          <map:Conditional>
            <map:Case>
              <map:Case.Condition>
                <map:WithAssignment>
                  <map:WithAssignmentLeftSide>
                    <map:WithLeftSideOfDottedAccess>
                      <map:AssignName>$owner</map:AssignName>
                    </map:WithLeftSideOfDottedAccess>
                  </map:WithAssignmentLeftSide>
                  <map:WithAssignmentRightSide>
                    <map:AssignName>$right</map:AssignName>
                  </map:WithAssignmentRightSide>
                </map:WithAssignment>
              </map:Case.Condition>
              <map:Case.Action>
                  <map:ActionSequence>
                    <map:AddPreStatementFromTemplate>
                      <![CDATA[
                  $owner.VisualElements.Square150x150Logo = $right;
                  ]]>
                    </map:AddPreStatementFromTemplate>
                    <map:AddPreStatementFromTemplate>
                      <![CDATA[ 
                      $owner.VisualElements.Square30x30Logo = $right;
                      ]]>
                    </map:AddPreStatementFromTemplate>
                    <map:AddPreStatementFromTemplate>
                      <![CDATA[ 
                      $owner.VisualElements.Square310x310Logo = $right;
                      ]]>
                    </map:AddPreStatementFromTemplate>
                    <map:AddPreStatementFromTemplate>
                      <![CDATA[ 
                      $owner.VisualElements.Square71x71Logo = $right;
                      ]]>
                    </map:AddPreStatementFromTemplate>
                    <map:ReplaceWithTemplate>
                      $owner.VisualElements.Wide310x150Logo = $right;
                    </map:ReplaceWithTemplate>
                  </map:ActionSequence>
              </map:Case.Action>
            </map:Case>
            <map:Default>
              <map:Keep></map:Keep>
            </map:Default>
          </map:Conditional>
        </map:CodeMap>

        <map:CodeMap Kind="MemberAccess" MemberName="BackContent">
          <map:CodeMap.Action>
            <map:MarkAsNotMapped/>
          </map:CodeMap.Action>
        </map:CodeMap>

        <map:CodeMap Kind="MemberAccess" MemberName="BackTitle">
          <map:CodeMap.Action>
            <map:MarkAsNotMapped/>
          </map:CodeMap.Action>
        </map:CodeMap>
        
        
      </map:CodeMapPackage.Maps>
    </map:CodeMapPackage>
  </MapUnit.Elements>
</MapUnit>