<MapUnit xmlns="clr-namespace:Mobilize.Mappers.Extensibility.Core;assembly=Mobilize.ExtensibleMappers"
         xmlns:map="clr-namespace:Mobilize.Mappers.Extensibility.Code;assembly=Mobilize.ExtensibleMappers">
  <MapUnit.Elements>
    <map:CodeMapPackage Type="System.Windows.Interop.SilverlightHost">
      <map:CodeMapPackage.Maps>

        <map:CodeMap Kind="New">
          <map:CodeMap.Action>
            <map:MarkAsNotMapped />
          </map:CodeMap.Action>
        </map:CodeMap>

        <map:CodeMap Kind="MemberAccess" MemberName="Content">
          <map:CodeMap.Action>
            <map:ReplaceWithTemplate>
              Windows.Graphics.Display.DisplayInformation.GetForCurrentView()
            </map:ReplaceWithTemplate>
          </map:CodeMap.Action>
        </map:CodeMap>

        <map:CodeMap Kind="MemberAccess" MemberName="Settings">
          <map:CodeMap.Action>
            <map:ReplaceWithTemplate>
              Application.Current.DebugSettings
            </map:ReplaceWithTemplate>
          </map:CodeMap.Action>
        </map:CodeMap>

      </map:CodeMapPackage.Maps>
    </map:CodeMapPackage>
  </MapUnit.Elements>
</MapUnit>