<MapUnit xmlns="clr-namespace:Mobilize.Mappers.Extensibility.Core;assembly=ExtensibleMappers"
         xmlns:map="clr-namespace:Mobilize.Mappers.Extensibility.Code;assembly=ExtensibleMappers">
  <MapUnit.Elements>
    <map:CodeMapPackage Type="System.Device.Location.GeoPositionStatus">
      <map:CodeMapPackage.Maps>
        <map:CodeMap Kind="Type">
          <map:CodeMap.Action>
            <map:ReplaceClassUsage NewNamespace="Windows.Devices.Geolocation" 
                                   NewClassName="PositionStatus" />
          </map:CodeMap.Action>
        </map:CodeMap>

        <map:CodeMap Kind="MemberAccess" MemberName="Disabled">
          <map:Keep />
        </map:CodeMap>
        <map:CodeMap Kind="MemberAccess" MemberName="Ready">
          <map:Keep />
        </map:CodeMap>
        <map:CodeMap Kind="MemberAccess" MemberName="Initializing">
          <map:Keep />
        </map:CodeMap>
        <map:CodeMap Kind="MemberAccess" MemberName="NoData">
          <map:Keep />
        </map:CodeMap>
      </map:CodeMapPackage.Maps>
    </map:CodeMapPackage>
  </MapUnit.Elements>
</MapUnit>