<MapUnit xmlns="clr-namespace:Mobilize.Mappers.Extensibility.Core;assembly=Mobilize.ExtensibleMappers"
         xmlns:map="clr-namespace:Mobilize.Mappers.Extensibility.Code;assembly=Mobilize.ExtensibleMappers">
  <MapUnit.Elements>
    <map:CodeMapPackage Type="Microsoft.Phone.Controls.ContextMenu">
      <map:CodeMapPackage.Maps>

        <map:CodeMap Kind="Type">
          <map:CodeMap.Action>
            <map:ReplaceClassUsage NewNamespace="Windows.UI.Xaml.Controls" NewClassName="MenuFlyout" />
          </map:CodeMap.Action>
        </map:CodeMap>
        
        
        <map:CodeMap Kind="EventDecl" MemberName="Closed">
          <map:CodeMap.Action>
            <map:ReplaceParameterDeclarationType Position="1">
              object
            </map:ReplaceParameterDeclarationType>
          </map:CodeMap.Action>
        </map:CodeMap>

        <map:CodeMap Kind="EventDecl" MemberName="Opened">
          <map:ReplaceParameterDeclarationType Position="1">
            object
          </map:ReplaceParameterDeclarationType>
        </map:CodeMap>

        <map:CodeMap Kind="MemberAccess" MemberName="IsOpen">
          <map:CodeMap.Action>
            <map:MarkAsNotMapped />
          </map:CodeMap.Action>
        </map:CodeMap>

        <map:CodeMap Kind="MemberAccess" MemberName="IsZoomEnabled">
          <map:CodeMap.Action>
            <map:MarkAsNotMapped />
          </map:CodeMap.Action>
        </map:CodeMap>

        <map:CodeMap Kind="MemberAccess" MemberName="ItemContainerStyle">
          <map:CodeMap.Action>
            <map:MarkAsNotMapped />
          </map:CodeMap.Action>
        </map:CodeMap>

        <map:CodeMap Kind="MemberAccess" MemberName="VerticalOffset">
          <map:CodeMap.Action>
            <map:MarkAsNotMapped />
          </map:CodeMap.Action>
        </map:CodeMap>

        <map:CodeMap Kind="MemberAccess" MemberName="ItemsSource">
          <map:CodeMap.Action>
            <map:MarkAsNotMapped />
          </map:CodeMap.Action>
        </map:CodeMap>


        <map:CodeMap Kind="Assign" MemberName="Closed">
          <map:Conditional>
            <map:Case>
              <map:Case.Condition>
                <map:WithAssignment>
                  <map:WithAssignmentLeftSide>
                    <map:WithLeftSideOfDottedAccess>
                      <map:AssignName>$left</map:AssignName>
                    </map:WithLeftSideOfDottedAccess>
                  </map:WithAssignmentLeftSide>
                  <map:WithAssignmentRightSide>
                    <map:WithConstructorCall>
                      <map:WithArgument Position="0">
                        <map:AssignName>$method</map:AssignName>
                      </map:WithArgument>
                    </map:WithConstructorCall>
                  </map:WithAssignmentRightSide>
                </map:WithAssignment>
              </map:Case.Condition>
              <map:Case.Action>
                <map:ReplaceWithTemplate>
                  <![CDATA[ $left.Closed += new EventHandler<object>($method) ]]> 
                </map:ReplaceWithTemplate>
              </map:Case.Action>
            </map:Case>
            <map:Case>
              <map:Case.Condition>
                <map:WithAssignment>
                  <map:WithAssignmentLeftSide>
                    <map:WithLeftSideOfDottedAccess>
                      <map:AssignName>$left</map:AssignName>
                    </map:WithLeftSideOfDottedAccess>
                  </map:WithAssignmentLeftSide>
                  <map:WithAssignmentRightSide>
                    <map:AssignName>$method</map:AssignName>
                  </map:WithAssignmentRightSide>
                </map:WithAssignment>
              </map:Case.Condition>
              <map:Case.Action>
                <map:ReplaceWithTemplate>
                  $left.Closed += $method
                </map:ReplaceWithTemplate>
              </map:Case.Action>
            </map:Case>
            <map:Default>
              <map:Keep/>
            </map:Default>
          </map:Conditional>
        </map:CodeMap>

        <map:CodeMap Kind="Assign" MemberName="Opened">
          <map:Conditional>
            <map:Case>
              <map:Case.Condition>
                <map:WithAssignment>
                  <map:WithAssignmentLeftSide>
                    <map:WithLeftSideOfDottedAccess>
                      <map:AssignName>$left</map:AssignName>
                    </map:WithLeftSideOfDottedAccess>
                  </map:WithAssignmentLeftSide>
                  <map:WithAssignmentRightSide>
                    <map:WithConstructorCall>
                      <map:WithArgument Position="0">
                        <map:AssignName>$method</map:AssignName>
                      </map:WithArgument>
                    </map:WithConstructorCall>
                  </map:WithAssignmentRightSide>
                </map:WithAssignment>
              </map:Case.Condition>
              <map:Case.Action>
                <map:ReplaceWithTemplate>
                  <![CDATA[ $left.Opened += new EventHandler<object>($method) ]]>
                </map:ReplaceWithTemplate>
              </map:Case.Action>
            </map:Case>
            <map:Case>
              <map:Case.Condition>
                <map:WithAssignment>
                  <map:WithAssignmentLeftSide>
                    <map:WithLeftSideOfDottedAccess>
                      <map:AssignName>$left</map:AssignName>
                    </map:WithLeftSideOfDottedAccess>
                  </map:WithAssignmentLeftSide>
                  <map:WithAssignmentRightSide>
                    <map:AssignName>$method</map:AssignName>
                  </map:WithAssignmentRightSide>
                </map:WithAssignment>
              </map:Case.Condition>
              <map:Case.Action>
                <map:ReplaceWithTemplate>
                  $left.Opened += $method
                </map:ReplaceWithTemplate>
              </map:Case.Action>
            </map:Case>
            <map:Default>
              <map:Keep/>
            </map:Default>
          </map:Conditional>
        </map:CodeMap>

        
        

      </map:CodeMapPackage.Maps>
    </map:CodeMapPackage>
  </MapUnit.Elements>
</MapUnit>