<MapUnit xmlns="clr-namespace:Mobilize.Mappers.Extensibility.Core;assembly=Mobilize.ExtensibleMappers"
         xmlns:map="clr-namespace:Mobilize.Mappers.Extensibility.Code;assembly=Mobilize.ExtensibleMappers">
  <MapUnit.Elements>
    <map:CodeMapPackage Type="Microsoft.Phone.Controls.RoundButton">
      <map:CodeMapPackage.Maps>

        <map:CodeMap Kind="Type">
          <map:CodeMap.Action>
            <map:ReplaceClassUsage NewNamespace="Windows.UI.Xaml.Controls" NewClassName="Button" />
          </map:CodeMap.Action>
        </map:CodeMap>

        <map:CodeMap Kind="MemberAccess"  MemberName="Orientation">
          <map:CodeMap.Action>
            <map:MarkAsNotMapped />
          </map:CodeMap.Action>
        </map:CodeMap>

        <map:CodeMap Kind="MemberAccess"  MemberName="PressedBrush">
          <map:CodeMap.Action>
            <map:MarkAsNotMapped />
          </map:CodeMap.Action>
        </map:CodeMap>

        <map:CodeMap Kind="MemberAccess"  MemberName="Stretch">
          <map:CodeMap.Action>
            <map:MarkAsNotMapped />
          </map:CodeMap.Action>
        </map:CodeMap>

        <map:CodeMap Kind="MemberAccess"  MemberName="ButtonHeight">
          <map:ActionSequence>
            <map:ReplaceWithProperty NewProperty="Height" />
          </map:ActionSequence>
        </map:CodeMap>

        <map:CodeMap Kind="MemberAccess"  MemberName="ButtonWidth">
          <map:ActionSequence>
            <map:ReplaceWithProperty NewProperty="Width" />
          </map:ActionSequence>
        </map:CodeMap>

        <map:CodeMap Kind="MemberAccess" MemberName="ImageResource">
          <map:CodeMap.Action>
            <map:MarkAsNotMapped />
          </map:CodeMap.Action>
        </map:CodeMap>

     

      </map:CodeMapPackage.Maps>
    </map:CodeMapPackage>
  </MapUnit.Elements>
</MapUnit>