<MapUnit xmlns="clr-namespace:Mobilize.Mappers.Extensibility.Core;assembly=Mobilize.ExtensibleMappers"
         xmlns:map="clr-namespace:Mobilize.Mappers.Extensibility.Code;assembly=Mobilize.ExtensibleMappers">
  <MapUnit.Elements>
    <map:CodeMapPackage Type="System.Windows.Controls.Primitives.ToggleButton">
      <map:CodeMapPackage.Maps>

        <map:CodeMap Kind="Type">
          <map:CodeMap.Action>
			        <map:ReplaceClassUsage NewNamespace="Windows.UI.Xaml.Controls.Primitives" NewClassName="ToggleButton" />
		      </map:CodeMap.Action>
        </map:CodeMap>

        <map:CodeMap Kind="MemberAccess" MemberName="IsChecked">
          <map:CodeMap.Action>
            <map:Keep />
          </map:CodeMap.Action>
        </map:CodeMap>

        <map:CodeMap Kind="MemberAccess" MemberName="Tap">
          <map:ReplaceWithProperty NewProperty="Tapped" />
        </map:CodeMap>
        <map:CodeMap Kind="EventDecl" MemberName="Tap">
          <map:CodeMap.Action>
            <map:ReplaceParameterDeclarationType Position="1">
              Windows.UI.Xaml.Input.TappedRoutedEventArgs
            </map:ReplaceParameterDeclarationType>
          </map:CodeMap.Action>
        </map:CodeMap>

      </map:CodeMapPackage.Maps>
    </map:CodeMapPackage>
  </MapUnit.Elements>
</MapUnit>
