<MapUnit xmlns="clr-namespace:Mobilize.Mappers.Extensibility.Core;assembly=Mobilize.ExtensibleMappers"
         xmlns:map="clr-namespace:Mobilize.Mappers.Extensibility.Code;assembly=Mobilize.ExtensibleMappers">
  <MapUnit.Elements>
    <map:CodeMapPackage Type="System.Windows.Navigation.NavigationService">
      <map:CodeMapPackage.Maps>

        <map:CodeMap Kind="Type">
          <map:CodeMap.Action>
            <map:ReplaceWithTemplate>
              ((Windows.UI.Xaml.Controls.Frame)Windows.UI.Xaml.Window.Current.Content)
            </map:ReplaceWithTemplate>
          </map:CodeMap.Action>
        </map:CodeMap>
        
        <map:CodeMap Kind="Call" MemberName="GoBack">
          <map:CodeMap.Action>
            <map:Conditional>
              <map:Default>
                <map:ReplaceWithTemplate>
                  ((Windows.UI.Xaml.Controls.Frame)Windows.UI.Xaml.Window.Current.Content).GoBack()
                </map:ReplaceWithTemplate>
              </map:Default>
            </map:Conditional>
          </map:CodeMap.Action>
        </map:CodeMap>

        <map:CodeMap Kind="MemberAccess" MemberName="BackStack">
          <map:CodeMap.Action>
            <map:Conditional>
              <map:Default>
                <map:ReplaceWithTemplate>
                  ((Windows.UI.Xaml.Controls.Frame)Windows.UI.Xaml.Window.Current.Content).BackStack
                </map:ReplaceWithTemplate>
              </map:Default>
            </map:Conditional>
          </map:CodeMap.Action>
        </map:CodeMap>
        
        <map:CodeMap Kind="MemberAccess" MemberName="CanGoBack">
          <map:CodeMap.Action>
            <map:Conditional>
              <map:Default>
                <map:ReplaceWithTemplate>
                  ((Windows.UI.Xaml.Controls.Frame)Windows.UI.Xaml.Window.Current.Content).CanGoBack
                </map:ReplaceWithTemplate>
              </map:Default>
            </map:Conditional>
          </map:CodeMap.Action>
        </map:CodeMap>

        <map:CodeMap Kind="MemberAccess" MemberName="Navigated">
          <map:CodeMap.Action>
            <map:Keep />
          </map:CodeMap.Action>
        </map:CodeMap>

        <map:CodeMap Kind="Call" MemberName="Navigate">
          <map:CodeMap.Action>
            <map:ActionSequence>
            <map:MarkAsNotMapped />
              <map:ReportConversionIssue
                Message="This element requires a special manual conversion"
                ReferenceUri="https://msdn.microsoft.com/en-us/library/windows/apps/hh702394.aspx"
                />
            </map:ActionSequence>
          </map:CodeMap.Action>
        </map:CodeMap>

        <map:CodeMap Kind="Call" MemberName="RemoveBackEntry">
          <map:CodeMap.Action>
            <map:Conditional>
              <map:Default>
                <map:ReplaceWithTemplate>
                  ((Windows.UI.Xaml.Controls.Frame)Windows.UI.Xaml.Window.Current.Content).BackStack.RemoveAt(((Windows.UI.Xaml.Controls.Frame)Windows.UI.Xaml.Window.Current.Content).BackStack.Count - 1)
                </map:ReplaceWithTemplate>
              </map:Default>
            </map:Conditional>
          </map:CodeMap.Action>
        </map:CodeMap>
   
      </map:CodeMapPackage.Maps>
    </map:CodeMapPackage>
  </MapUnit.Elements>
</MapUnit>