<MapUnit xmlns="clr-namespace:Mobilize.Mappers.Extensibility.Core;assembly=Mobilize.ExtensibleMappers"
         xmlns:map="clr-namespace:Mobilize.Mappers.Extensibility.Code;assembly=Mobilize.ExtensibleMappers">
  <MapUnit.Elements>
    <map:CodeMapPackage Type="System.Windows.Navigation.NavigatingCancelEventArgs">
      <map:CodeMapPackage.Maps>
        <map:CodeMap Kind="Type">
          <map:CodeMap.Action>
            <map:ReplaceClassUsage
                 NewNamespace="Windows.UI.Xaml.Navigation"
                 NewClassName="NavigatingCancelEventArgs" />
          </map:CodeMap.Action>
        </map:CodeMap>

        <map:CodeMap Kind="MemberAccess" MemberName="Uri">
              <map:Conditional>
                <map:Case>
                  <map:Case.Condition>
                    <map:WithLeftSideOfDottedAccess>
                      <map:AssignName>$obj</map:AssignName>
                    </map:WithLeftSideOfDottedAccess>
                  </map:Case.Condition>
                  <map:Case.Action>
                    <map:ActionSequence>
                      <map:AddHelper Path="..\Helpers\NavigationArgsHelper.cs"/>
                      <map:AddNamespaceImport>WindowsPhoneUWP.UpgradeHelpers</map:AddNamespaceImport>
                      <map:ReplaceWithTemplate>
                        $obj.GetAsNavigationUri()
                      </map:ReplaceWithTemplate>
                    </map:ActionSequence>
                  </map:Case.Action>
                </map:Case>
                <map:Default>
                  <map:Keep/>
                </map:Default>
              </map:Conditional>
        </map:CodeMap>

   
      </map:CodeMapPackage.Maps>
    </map:CodeMapPackage>
  </MapUnit.Elements>
</MapUnit>
