<MapUnit xmlns="clr-namespace:Mobilize.Mappers.Extensibility.Core;assembly=Mobilize.ExtensibleMappers"
         xmlns:map="clr-namespace:Mobilize.Mappers.Extensibility.Code;assembly=Mobilize.ExtensibleMappers">
  <MapUnit.Elements>
    <map:CodeMapPackage Type="System.Windows.Clipboard">
      <map:CodeMapPackage.Maps>

        <map:CodeMap Kind="Call" MemberName="SetText" >
          <map:Conditional>
            <map:Case>
              <map:Case.Condition>
                <map:WithMethodCall>
                  <map:ArgumentCount>1</map:ArgumentCount>
                  <map:WithArgument Position="0">
                    <map:AssignName>$text</map:AssignName>
                  </map:WithArgument>                  
                </map:WithMethodCall>
              </map:Case.Condition>
              <map:Case.Action>
                <map:ActionSequence>
                  <map:AddHelper Path="..\Helpers\Clipboard.cs" />
                  <map:ReplaceWithTemplate>WindowsPhoneUWP.UpgradeHelpers.Clipboard.SetText($text)</map:ReplaceWithTemplate>
                </map:ActionSequence>
              </map:Case.Action>
            </map:Case>
            <map:Default>
              <map:Keep/>
            </map:Default>
          </map:Conditional>
        </map:CodeMap>

        <map:CodeMap Kind="Call" MemberName="GetText" >
          <map:CodeMap.Action>
            <map:ActionSequence>
              <map:AddHelper Path="..\Helpers\Clipboard.cs" />
              <map:ReplaceWithTemplate>await WindowsPhoneUWP.UpgradeHelpers.Clipboard.GetText()</map:ReplaceWithTemplate>
            </map:ActionSequence>
          </map:CodeMap.Action>        
        </map:CodeMap>

      </map:CodeMapPackage.Maps>
      <map:CodeMapPackage.Metadata>
        <map:PackageMetadata Key="ASYNC_MEMBERS" Value="GetText"/>
      </map:CodeMapPackage.Metadata>      
    </map:CodeMapPackage>
  </MapUnit.Elements>
</MapUnit>
