
<MapUnit xmlns="clr-namespace:Mobilize.Mappers.Extensibility.Core;assembly=Mobilize.ExtensibleMappers"
         xmlns:map="clr-namespace:Mobilize.Mappers.Extensibility.Code;assembly=Mobilize.ExtensibleMappers">
  <MapUnit.Elements>
    <map:CodeMapPackage Type="System.Windows.DependencyProperty">
      <map:CodeMapPackage.Maps>
        <map:CodeMap Kind="Type">
          <map:CodeMap.Action>
            <map:ReplaceClassUsage NewClassName="DependencyProperty" NewNamespace="Windows.UI.Xaml" />
          </map:CodeMap.Action>
        </map:CodeMap>
		
		<map:CodeMap Kind="MemberAccess" MemberName="UnsetValue">
          <map:Keep/>
        </map:CodeMap>

        <map:CodeMap Kind="Call" MemberName="RegisterAttached">
			<map:Keep />
		</map:CodeMap>
		<map:CodeMap Kind="Call" MemberName="GetValue">
			<map:Keep />
		</map:CodeMap>
		<map:CodeMap Kind="Call" MemberName="Register">
			<map:Keep />
		</map:CodeMap>
      
      </map:CodeMapPackage.Maps>
    </map:CodeMapPackage>
  </MapUnit.Elements>
</MapUnit>