<MapUnit xmlns="clr-namespace:Mobilize.Mappers.Extensibility.Core;assembly=Mobilize.ExtensibleMappers"
         xmlns:map="clr-namespace:Mobilize.Mappers.Extensibility.Code;assembly=Mobilize.ExtensibleMappers">
  <MapUnit.Elements>
    <map:CodeMapPackage Type="System.Windows.PropertyMetadata">
      <map:CodeMapPackage.Maps>

        <map:CodeMap Kind="Type">
          <map:CodeMap.Action>
            <map:ReplaceClassUsage NewNamespace="Windows.UI.Xaml"
                                   NewClassName="PropertyMetadata" />
          </map:CodeMap.Action>
        </map:CodeMap>

        <map:CodeMap Kind="New">
          <map:Conditional>
            <map:Case>
              <map:Case.Condition>
                <map:WithConstructorCall>
                  <map:ArgumentCount>1</map:ArgumentCount>
                  <map:WithArgument Position="0">
                    <map:IsExpressionOfType>System.Windows.PropertyChangedCallback</map:IsExpressionOfType>
                  </map:WithArgument>
                </map:WithConstructorCall>
              </map:Case.Condition>
              <map:Case.Action>
                <map:MarkAsNotMapped/>              
              </map:Case.Action>
            </map:Case>
            <map:Default>
              <map:Keep/>
            </map:Default>
          </map:Conditional>
        </map:CodeMap>

      </map:CodeMapPackage.Maps>
    </map:CodeMapPackage>
  </MapUnit.Elements>
</MapUnit>